// Jest Snapshot v1, https://goo.gl/fbAQLP

exports[`<AutocompleteMultiple> Snapshots and structure should render correctly 1`] = `
<Autocomplete
  chips={<Chip />}
  className="lumx-autocomplete-multiple"
/>
`;
