// Jest Snapshot v1, https://goo.gl/fbAQLP

exports[`<Notification> Snapshots and structure should render defaults 1`] = `
<Portal
  containerInfo={
    <body
      class="js-focus-visible"
    />
  }
>
  <div
    className="lumx-notification lumx-notification--color-dark"
    onClick={[Function]}
    style={
      Object {
        "zIndex": 9999,
      }
    }
  >
    <div
      className="lumx-notification__icon"
    >
      <Icon
        icon="M13,9H11V7H13M13,17H11V11H13M12,2C6.48,2 2,6.48 2,12C2,17.52 6.48,22 12,22C17.52,22 22,17.52 22,12C22,6.48 17.52,2 12,2Z"
        size="s"
      />
    </div>
    <div
      className="lumx-notification__content"
    >
      Info
    </div>
  </div>
</Portal>
`;
