// Jest Snapshot v1, https://goo.gl/fbAQLP

exports[`<LxDropdown> Snapshots and structure should render correctly 1`] = `
<div
  className="lx-dropdown"
>
  This is the content of the dropdown
</div>
`;
